Archive member included to satisfy reference by file (symbol)

e:/programs/stm32cubeide_1.10.1/stm32cubeide/plugins/com.st.stm32cube.ide.mcu.externaltools.gnu-tools-for-stm32.10.3-2021.10.win32_1.0.0.202111181127/tools/bin/../lib/gcc/arm-none-eabi/10.3.1/../../../../arm-none-eabi/lib/thumb/v7-m/nofp\libc_nano.a(lib_a-errno.o)
                              ./Core/Src/syscalls.o (__errno)
e:/programs/stm32cubeide_1.10.1/stm32cubeide/plugins/com.st.stm32cube.ide.mcu.externaltools.gnu-tools-for-stm32.10.3-2021.10.win32_1.0.0.202111181127/tools/bin/../lib/gcc/arm-none-eabi/10.3.1/../../../../arm-none-eabi/lib/thumb/v7-m/nofp\libc_nano.a(lib_a-exit.o)
                              e:/programs/stm32cubeide_1.10.1/stm32cubeide/plugins/com.st.stm32cube.ide.mcu.externaltools.gnu-tools-for-stm32.10.3-2021.10.win32_1.0.0.202111181127/tools/bin/../lib/gcc/arm-none-eabi/10.3.1/../../../../arm-none-eabi/lib/thumb/v7-m/nofp/crt0.o (exit)
e:/programs/stm32cubeide_1.10.1/stm32cubeide/plugins/com.st.stm32cube.ide.mcu.externaltools.gnu-tools-for-stm32.10.3-2021.10.win32_1.0.0.202111181127/tools/bin/../lib/gcc/arm-none-eabi/10.3.1/../../../../arm-none-eabi/lib/thumb/v7-m/nofp\libc_nano.a(lib_a-impure.o)
                              e:/programs/stm32cubeide_1.10.1/stm32cubeide/plugins/com.st.stm32cube.ide.mcu.externaltools.gnu-tools-for-stm32.10.3-2021.10.win32_1.0.0.202111181127/tools/bin/../lib/gcc/arm-none-eabi/10.3.1/../../../../arm-none-eabi/lib/thumb/v7-m/nofp\libc_nano.a(lib_a-exit.o) (_global_impure_ptr)
e:/programs/stm32cubeide_1.10.1/stm32cubeide/plugins/com.st.stm32cube.ide.mcu.externaltools.gnu-tools-for-stm32.10.3-2021.10.win32_1.0.0.202111181127/tools/bin/../lib/gcc/arm-none-eabi/10.3.1/../../../../arm-none-eabi/lib/thumb/v7-m/nofp\libc_nano.a(lib_a-init.o)
                              e:/programs/stm32cubeide_1.10.1/stm32cubeide/plugins/com.st.stm32cube.ide.mcu.externaltools.gnu-tools-for-stm32.10.3-2021.10.win32_1.0.0.202111181127/tools/bin/../lib/gcc/arm-none-eabi/10.3.1/../../../../arm-none-eabi/lib/thumb/v7-m/nofp/crt0.o (__libc_init_array)
e:/programs/stm32cubeide_1.10.1/stm32cubeide/plugins/com.st.stm32cube.ide.mcu.externaltools.gnu-tools-for-stm32.10.3-2021.10.win32_1.0.0.202111181127/tools/bin/../lib/gcc/arm-none-eabi/10.3.1/../../../../arm-none-eabi/lib/thumb/v7-m/nofp\libc_nano.a(lib_a-memset.o)
                              e:/programs/stm32cubeide_1.10.1/stm32cubeide/plugins/com.st.stm32cube.ide.mcu.externaltools.gnu-tools-for-stm32.10.3-2021.10.win32_1.0.0.202111181127/tools/bin/../lib/gcc/arm-none-eabi/10.3.1/../../../../arm-none-eabi/lib/thumb/v7-m/nofp/crt0.o (memset)
e:/programs/stm32cubeide_1.10.1/stm32cubeide/plugins/com.st.stm32cube.ide.mcu.externaltools.gnu-tools-for-stm32.10.3-2021.10.win32_1.0.0.202111181127/tools/bin/../lib/gcc/arm-none-eabi/10.3.1/../../../../arm-none-eabi/lib/thumb/v7-m/nofp\libc_nano.a(lib_a-strcmp.o)
                              ./Drivers/music/music.o (strcmp)
e:/programs/stm32cubeide_1.10.1/stm32cubeide/plugins/com.st.stm32cube.ide.mcu.externaltools.gnu-tools-for-stm32.10.3-2021.10.win32_1.0.0.202111181127/tools/bin/../lib/gcc/arm-none-eabi/10.3.1/thumb/v7-m/nofp\libgcc.a(_aeabi_uldivmod.o)
                              ./Drivers/STM32L1xx_HAL_Driver/Src/stm32l1xx_hal_rcc.o (__aeabi_uldivmod)
e:/programs/stm32cubeide_1.10.1/stm32cubeide/plugins/com.st.stm32cube.ide.mcu.externaltools.gnu-tools-for-stm32.10.3-2021.10.win32_1.0.0.202111181127/tools/bin/../lib/gcc/arm-none-eabi/10.3.1/thumb/v7-m/nofp\libgcc.a(_udivmoddi4.o)
                              e:/programs/stm32cubeide_1.10.1/stm32cubeide/plugins/com.st.stm32cube.ide.mcu.externaltools.gnu-tools-for-stm32.10.3-2021.10.win32_1.0.0.202111181127/tools/bin/../lib/gcc/arm-none-eabi/10.3.1/thumb/v7-m/nofp\libgcc.a(_aeabi_uldivmod.o) (__udivmoddi4)
e:/programs/stm32cubeide_1.10.1/stm32cubeide/plugins/com.st.stm32cube.ide.mcu.externaltools.gnu-tools-for-stm32.10.3-2021.10.win32_1.0.0.202111181127/tools/bin/../lib/gcc/arm-none-eabi/10.3.1/thumb/v7-m/nofp\libgcc.a(_dvmd_tls.o)
                              e:/programs/stm32cubeide_1.10.1/stm32cubeide/plugins/com.st.stm32cube.ide.mcu.externaltools.gnu-tools-for-stm32.10.3-2021.10.win32_1.0.0.202111181127/tools/bin/../lib/gcc/arm-none-eabi/10.3.1/thumb/v7-m/nofp\libgcc.a(_aeabi_uldivmod.o) (__aeabi_ldiv0)

Discarded input sections

 .text          0x0000000000000000        0x0 e:/programs/stm32cubeide_1.10.1/stm32cubeide/plugins/com.st.stm32cube.ide.mcu.externaltools.gnu-tools-for-stm32.10.3-2021.10.win32_1.0.0.202111181127/tools/bin/../lib/gcc/arm-none-eabi/10.3.1/thumb/v7-m/nofp/crti.o
 .data          0x0000000000000000        0x0 e:/programs/stm32cubeide_1.10.1/stm32cubeide/plugins/com.st.stm32cube.ide.mcu.externaltools.gnu-tools-for-stm32.10.3-2021.10.win32_1.0.0.202111181127/tools/bin/../lib/gcc/arm-none-eabi/10.3.1/thumb/v7-m/nofp/crti.o
[...]
Memory Configuration

Name             Origin             Length             Attributes
RAM              0x0000000020000000 0x0000000000014000 xrw
FLASH            0x0000000008000000 0x0000000000080000 xr
*default*        0x0000000000000000 0xffffffffffffffff

Linker script and memory map

LOAD e:/programs/stm32cubeide_1.10.1/stm32cubeide/plugins/com.st.stm32cube.ide.mcu.externaltools.gnu-tools-for-stm32.10.3-2021.10.win32_1.0.0.202111181127/tools/bin/../lib/gcc/arm-none-eabi/10.3.1/thumb/v7-m/nofp/crti.o
LOAD e:/programs/stm32cubeide_1.10.1/stm32cubeide/plugins/com.st.stm32cube.ide.mcu.externaltools.gnu-tools-for-stm32.10.3-2021.10.win32_1.0.0.202111181127/tools/bin/../lib/gcc/arm-none-eabi/10.3.1/thumb/v7-m/nofp/crtbegin.o
LOAD e:/programs/stm32cubeide_1.10.1/stm32cubeide/plugins/com.st.stm32cube.ide.mcu.externaltools.gnu-tools-for-stm32.10.3-2021.10.win32_1.0.0.202111181127/tools/bin/../lib/gcc/arm-none-eabi/10.3.1/../../../../arm-none-eabi/lib/thumb/v7-m/nofp/crt0.o
LOAD ./Core/Pong/pong.o
LOAD ./Core/Src/main.o
LOAD ./Core/Src/stm32l1xx_hal_msp.o
LOAD ./Core/Src/stm32l1xx_hal_timebase_tim.o
LOAD ./Core/Src/stm32l1xx_it.o
LOAD ./Core/Src/syscalls.o
LOAD ./Core/Src/sysmem.o
LOAD ./Core/Src/system_stm32l1xx.o
LOAD ./Core/Startup/startup_stm32l152retx.o
LOAD ./Drivers/LED-Array/led_array.o
LOAD ./Drivers/MAX7219/max7219.o
LOAD ./Drivers/STM32L1xx_HAL_Driver/Src/stm32l1xx_hal.o
LOAD ./Drivers/STM32L1xx_HAL_Driver/Src/stm32l1xx_hal_cortex.o
LOAD ./Drivers/STM32L1xx_HAL_Driver/Src/stm32l1xx_hal_dma.o
LOAD ./Drivers/STM32L1xx_HAL_Driver/Src/stm32l1xx_hal_exti.o
LOAD ./Drivers/STM32L1xx_HAL_Driver/Src/stm32l1xx_hal_flash.o
LOAD ./Drivers/STM32L1xx_HAL_Driver/Src/stm32l1xx_hal_flash_ex.o
LOAD ./Drivers/STM32L1xx_HAL_Driver/Src/stm32l1xx_hal_flash_ramfunc.o
LOAD ./Drivers/STM32L1xx_HAL_Driver/Src/stm32l1xx_hal_gpio.o
LOAD ./Drivers/STM32L1xx_HAL_Driver/Src/stm32l1xx_hal_pwr.o
LOAD ./Drivers/STM32L1xx_HAL_Driver/Src/stm32l1xx_hal_pwr_ex.o
LOAD ./Drivers/STM32L1xx_HAL_Driver/Src/stm32l1xx_hal_rcc.o
LOAD ./Drivers/STM32L1xx_HAL_Driver/Src/stm32l1xx_hal_rcc_ex.o
LOAD ./Drivers/STM32L1xx_HAL_Driver/Src/stm32l1xx_hal_spi.o
LOAD ./Drivers/STM32L1xx_HAL_Driver/Src/stm32l1xx_hal_tim.o
LOAD ./Drivers/STM32L1xx_HAL_Driver/Src/stm32l1xx_hal_tim_ex.o
LOAD ./Drivers/Timer/timer.o
LOAD ./Drivers/music/music.o
START GROUP
LOAD e:/programs/stm32cubeide_1.10.1/stm32cubeide/plugins/com.st.stm32cube.ide.mcu.externaltools.gnu-tools-for-stm32.10.3-2021.10.win32_1.0.0.202111181127/tools/bin/../lib/gcc/arm-none-eabi/10.3.1/../../../../arm-none-eabi/lib/thumb/v7-m/nofp\libc_nano.a
LOAD e:/programs/stm32cubeide_1.10.1/stm32cubeide/plugins/com.st.stm32cube.ide.mcu.externaltools.gnu-tools-for-stm32.10.3-2021.10.win32_1.0.0.202111181127/tools/bin/../lib/gcc/arm-none-eabi/10.3.1/../../../../arm-none-eabi/lib/thumb/v7-m/nofp\libm.a
END GROUP
START GROUP
LOAD e:/programs/stm32cubeide_1.10.1/stm32cubeide/plugins/com.st.stm32cube.ide.mcu.externaltools.gnu-tools-for-stm32.10.3-2021.10.win32_1.0.0.202111181127/tools/bin/../lib/gcc/arm-none-eabi/10.3.1/thumb/v7-m/nofp\libgcc.a
LOAD e:/programs/stm32cubeide_1.10.1/stm32cubeide/plugins/com.st.stm32cube.ide.mcu.externaltools.gnu-tools-for-stm32.10.3-2021.10.win32_1.0.0.202111181127/tools/bin/../lib/gcc/arm-none-eabi/10.3.1/../../../../arm-none-eabi/lib/thumb/v7-m/nofp\libc_nano.a
END GROUP
START GROUP
LOAD e:/programs/stm32cubeide_1.10.1/stm32cubeide/plugins/com.st.stm32cube.ide.mcu.externaltools.gnu-tools-for-stm32.10.3-2021.10.win32_1.0.0.202111181127/tools/bin/../lib/gcc/arm-none-eabi/10.3.1/thumb/v7-m/nofp\libgcc.a
LOAD e:/programs/stm32cubeide_1.10.1/stm32cubeide/plugins/com.st.stm32cube.ide.mcu.externaltools.gnu-tools-for-stm32.10.3-2021.10.win32_1.0.0.202111181127/tools/bin/../lib/gcc/arm-none-eabi/10.3.1/../../../../arm-none-eabi/lib/thumb/v7-m/nofp\libc_nano.a
LOAD e:/programs/stm32cubeide_1.10.1/stm32cubeide/plugins/com.st.stm32cube.ide.mcu.externaltools.gnu-tools-for-stm32.10.3-2021.10.win32_1.0.0.202111181127/tools/bin/../lib/gcc/arm-none-eabi/10.3.1/../../../../arm-none-eabi/lib/thumb/v7-m/nofp\libnosys.a
END GROUP
START GROUP
LOAD e:/programs/stm32cubeide_1.10.1/stm32cubeide/plugins/com.st.stm32cube.ide.mcu.externaltools.gnu-tools-for-stm32.10.3-2021.10.win32_1.0.0.202111181127/tools/bin/../lib/gcc/arm-none-eabi/10.3.1/thumb/v7-m/nofp\libgcc.a
LOAD e:/programs/stm32cubeide_1.10.1/stm32cubeide/plugins/com.st.stm32cube.ide.mcu.externaltools.gnu-tools-for-stm32.10.3-2021.10.win32_1.0.0.202111181127/tools/bin/../lib/gcc/arm-none-eabi/10.3.1/../../../../arm-none-eabi/lib/thumb/v7-m/nofp\libc_nano.a
LOAD e:/programs/stm32cubeide_1.10.1/stm32cubeide/plugins/com.st.stm32cube.ide.mcu.externaltools.gnu-tools-for-stm32.10.3-2021.10.win32_1.0.0.202111181127/tools/bin/../lib/gcc/arm-none-eabi/10.3.1/../../../../arm-none-eabi/lib/thumb/v7-m/nofp\libnosys.a
END GROUP
LOAD e:/programs/stm32cubeide_1.10.1/stm32cubeide/plugins/com.st.stm32cube.ide.mcu.externaltools.gnu-tools-for-stm32.10.3-2021.10.win32_1.0.0.202111181127/tools/bin/../lib/gcc/arm-none-eabi/10.3.1/thumb/v7-m/nofp/crtend.o
LOAD e:/programs/stm32cubeide_1.10.1/stm32cubeide/plugins/com.st.stm32cube.ide.mcu.externaltools.gnu-tools-for-stm32.10.3-2021.10.win32_1.0.0.202111181127/tools/bin/../lib/gcc/arm-none-eabi/10.3.1/thumb/v7-m/nofp/crtn.o
                0x0000000020014000                _estack = (ORIGIN (RAM) + LENGTH (RAM))
                0x0000000000000200                _Min_Heap_Size = 0x200
                0x0000000000000400                _Min_Stack_Size = 0x400

.isr_vector     0x0000000008000000      0x13c
                0x0000000008000000                . = ALIGN (0x4)
 *(.isr_vector)
 .isr_vector    0x0000000008000000      0x13c ./Core/Startup/startup_stm32l152retx.o
                0x0000000008000000                g_pfnVectors
                0x000000000800013c                . = ALIGN (0x4)

.text           0x000000000800013c     0x48a4
                0x000000000800013c                . = ALIGN (0x4)
 *(.text)
 .text          0x000000000800013c       0x40 e:/programs/stm32cubeide_1.10.1/stm32cubeide/plugins/com.st.stm32cube.ide.mcu.externaltools.gnu-tools-for-stm32.10.3-2021.10.win32_1.0.0.202111181127/tools/bin/../lib/gcc/arm-none-eabi/10.3.1/thumb/v7-m/nofp/crtbegin.o
 .text          0x000000000800017c       0x14 e:/programs/stm32cubeide_1.10.1/stm32cubeide/plugins/com.st.stm32cube.ide.mcu.externaltools.gnu-tools-for-stm32.10.3-2021.10.win32_1.0.0.202111181127/tools/bin/../lib/gcc/arm-none-eabi/10.3.1/../../../../arm-none-eabi/lib/thumb/v7-m/nofp\libc_nano.a(lib_a-strcmp.o)
                0x000000000800017c                strcmp
 .text          0x0000000008000190       0x30 e:/programs/stm32cubeide_1.10.1/stm32cubeide/plugins/com.st.stm32cube.ide.mcu.externaltools.gnu-tools-for-stm32.10.3-2021.10.win32_1.0.0.202111181127/tools/bin/../lib/gcc/arm-none-eabi/10.3.1/thumb/v7-m/nofp\libgcc.a(_aeabi_uldivmod.o)
                0x0000000008000190                __aeabi_uldivmod
 .text          0x00000000080001c0      0x2d4 e:/programs/stm32cubeide_1.10.1/stm32cubeide/plugins/com.st.stm32cube.ide.mcu.externaltools.gnu-tools-for-stm32.10.3-2021.10.win32_1.0.0.202111181127/tools/bin/../lib/gcc/arm-none-eabi/10.3.1/thumb/v7-m/nofp\libgcc.a(_udivmoddi4.o)
                0x00000000080001c0                __udivmoddi4
 .text          0x0000000008000494        0x4 e:/programs/stm32cubeide_1.10.1/stm32cubeide/plugins/com.st.stm32cube.ide.mcu.externaltools.gnu-tools-for-stm32.10.3-2021.10.win32_1.0.0.202111181127/tools/bin/../lib/gcc/arm-none-eabi/10.3.1/thumb/v7-m/nofp\libgcc.a(_dvmd_tls.o)
                0x0000000008000494                __aeabi_idiv0
                0x0000000008000494                __aeabi_ldiv0
 *(.text*)
 .text.set_new_state
                0x0000000008000498       0x6c ./Core/Pong/pong.o
 .text.pong_init
                0x0000000008000504       0xd8 ./Core/Pong/pong.o
                0x0000000008000504                pong_init
 .text.pong_run
                0x00000000080005dc      0x238 ./Core/Pong/pong.o
                0x00000000080005dc                pong_run
 .text.state_start
                0x0000000008000814       0xc8 ./Core/Pong/pong.o
                0x0000000008000814                state_start
 .text.state_wpp1
                0x00000000080008dc       0x30 ./Core/Pong/pong.o
                0x00000000080008dc                state_wpp1
 .text.state_wpp2
                0x000000000800090c       0x30 ./Core/Pong/pong.o
                0x000000000800090c                state_wpp2
 .text.state_gtp1
                0x000000000800093c       0xa8 ./Core/Pong/pong.o
                0x000000000800093c                state_gtp1
 .text.state_gtp2
                0x00000000080009e4       0xa8 ./Core/Pong/pong.o
                0x00000000080009e4                state_gtp2
 .text.state_rpp1
                0x0000000008000a8c       0x30 ./Core/Pong/pong.o
                0x0000000008000a8c                state_rpp1
 .text.state_rpp2
                0x0000000008000abc       0x30 ./Core/Pong/pong.o
                0x0000000008000abc                state_rpp2
 .text.state_ip1s
                0x0000000008000aec       0xa4 ./Core/Pong/pong.o
                0x0000000008000aec                state_ip1s
 .text.state_ip2s
                0x0000000008000b90       0xa8 ./Core/Pong/pong.o
                0x0000000008000b90                state_ip2s
 .text.state_p1wn
                0x0000000008000c38      0x2e0 ./Core/Pong/pong.o
                0x0000000008000c38                state_p1wn
 .text.state_p2wn
                0x0000000008000f18      0x2e4 ./Core/Pong/pong.o
                0x0000000008000f18                state_p2wn
 .text.HAL_GPIO_EXTI_Callback
                0x00000000080011fc       0x44 ./Core/Pong/pong.o
                0x00000000080011fc                HAL_GPIO_EXTI_Callback
 .text.main     0x0000000008001240       0xfc ./Core/Src/main.o
                0x0000000008001240                main
 .text.SystemClock_Config
                0x000000000800133c       0x9c ./Core/Src/main.o
                0x000000000800133c                SystemClock_Config
 .text.MX_SPI1_Init
                0x00000000080013d8       0x6c ./Core/Src/main.o
 .text.MX_TIM3_Init
                0x0000000008001444       0xac ./Core/Src/main.o
 .text.MX_TIM4_Init
                0x00000000080014f0       0xc8 ./Core/Src/main.o
 .text.MX_GPIO_Init
                0x00000000080015b8       0xf4 ./Core/Src/main.o
 .text.HAL_TIM_PeriodElapsedCallback
                0x00000000080016ac       0x1e ./Core/Src/main.o
                0x00000000080016ac                HAL_TIM_PeriodElapsedCallback
 .text.Error_Handler
                0x00000000080016ca        0xa ./Core/Src/main.o
                0x00000000080016ca                Error_Handler
 .text.HAL_MspInit
                0x00000000080016d4       0x5c ./Core/Src/stm32l1xx_hal_msp.o
                0x00000000080016d4                HAL_MspInit
 .text.HAL_SPI_MspInit
                0x0000000008001730       0x88 ./Core/Src/stm32l1xx_hal_msp.o
                0x0000000008001730                HAL_SPI_MspInit
 .text.HAL_TIM_PWM_MspInit
                0x00000000080017b8       0x3c ./Core/Src/stm32l1xx_hal_msp.o
                0x00000000080017b8                HAL_TIM_PWM_MspInit
 .text.HAL_TIM_Base_MspInit
                0x00000000080017f4       0x4c ./Core/Src/stm32l1xx_hal_msp.o
                0x00000000080017f4                HAL_TIM_Base_MspInit
 .text.HAL_TIM_MspPostInit
                0x0000000008001840       0x70 ./Core/Src/stm32l1xx_hal_msp.o
                0x0000000008001840                HAL_TIM_MspPostInit
 .text.HAL_InitTick
                0x00000000080018b0       0xf4 ./Core/Src/stm32l1xx_hal_timebase_tim.o
                0x00000000080018b0                HAL_InitTick
 .text.NMI_Handler
                0x00000000080019a4        0x6 ./Core/Src/stm32l1xx_it.o
                0x00000000080019a4                NMI_Handler
 .text.HardFault_Handler
                0x00000000080019aa        0x6 ./Core/Src/stm32l1xx_it.o
                0x00000000080019aa                HardFault_Handler
 .text.MemManage_Handler
                0x00000000080019b0        0x6 ./Core/Src/stm32l1xx_it.o
                0x00000000080019b0                MemManage_Handler
 .text.BusFault_Handler
                0x00000000080019b6        0x6 ./Core/Src/stm32l1xx_it.o
                0x00000000080019b6                BusFault_Handler
 .text.UsageFault_Handler
                0x00000000080019bc        0x6 ./Core/Src/stm32l1xx_it.o
                0x00000000080019bc                UsageFault_Handler
 .text.SVC_Handler
                0x00000000080019c2        0xc ./Core/Src/stm32l1xx_it.o
                0x00000000080019c2                SVC_Handler
 .text.DebugMon_Handler
                0x00000000080019ce        0xc ./Core/Src/stm32l1xx_it.o
                0x00000000080019ce                DebugMon_Handler
 .text.PendSV_Handler
                0x00000000080019da        0xc ./Core/Src/stm32l1xx_it.o
                0x00000000080019da                PendSV_Handler
 .text.SysTick_Handler
                0x00000000080019e6        0xc ./Core/Src/stm32l1xx_it.o
                0x00000000080019e6                SysTick_Handler
 *fill*         0x00000000080019f2        0x2 
 .text.TIM2_IRQHandler
                0x00000000080019f4       0x14 ./Core/Src/stm32l1xx_it.o
                0x00000000080019f4                TIM2_IRQHandler
 .text.TIM4_IRQHandler
                0x0000000008001a08       0x18 ./Core/Src/stm32l1xx_it.o
                0x0000000008001a08                TIM4_IRQHandler
 .text.EXTI15_10_IRQHandler
                0x0000000008001a20       0x18 ./Core/Src/stm32l1xx_it.o
                0x0000000008001a20                EXTI15_10_IRQHandler
 .text.SystemInit
                0x0000000008001a38        0xc ./Core/Src/system_stm32l1xx.o
                0x0000000008001a38                SystemInit
 .text.Reset_Handler
                0x0000000008001a44       0x48 ./Core/Startup/startup_stm32l152retx.o
                0x0000000008001a44                Reset_Handler
 .text.Default_Handler
                0x0000000008001a8c        0x2 ./Core/Startup/startup_stm32l152retx.o
                0x0000000008001a8c                RTC_Alarm_IRQHandler
                0x0000000008001a8c                EXTI2_IRQHandler
                0x0000000008001a8c                COMP_ACQ_IRQHandler
                0x0000000008001a8c                TIM10_IRQHandler
                0x0000000008001a8c                USB_HP_IRQHandler
                0x0000000008001a8c                TIM6_IRQHandler
                0x0000000008001a8c                PVD_IRQHandler
                0x0000000008001a8c                EXTI3_IRQHandler
                0x0000000008001a8c                EXTI0_IRQHandler
                0x0000000008001a8c                I2C2_EV_IRQHandler
                0x0000000008001a8c                SPI1_IRQHandler
                0x0000000008001a8c                USB_FS_WKUP_IRQHandler
                0x0000000008001a8c                DMA2_Channel2_IRQHandler
                0x0000000008001a8c                DMA1_Channel4_IRQHandler
                0x0000000008001a8c                ADC1_IRQHandler
                0x0000000008001a8c                USART3_IRQHandler
                0x0000000008001a8c                DMA1_Channel7_IRQHandler
                0x0000000008001a8c                LCD_IRQHandler
                0x0000000008001a8c                UART5_IRQHandler
                0x0000000008001a8c                DMA2_Channel1_IRQHandler
                0x0000000008001a8c                I2C1_EV_IRQHandler
                0x0000000008001a8c                DMA1_Channel6_IRQHandler
                0x0000000008001a8c                UART4_IRQHandler
                0x0000000008001a8c                DMA2_Channel4_IRQHandler
                0x0000000008001a8c                TIM3_IRQHandler
                0x0000000008001a8c                RCC_IRQHandler
                0x0000000008001a8c                DMA1_Channel1_IRQHandler
                0x0000000008001a8c                Default_Handler
                0x0000000008001a8c                TIM7_IRQHandler
                0x0000000008001a8c                TIM5_IRQHandler
                0x0000000008001a8c                EXTI9_5_IRQHandler
                0x0000000008001a8c                TIM9_IRQHandler
                0x0000000008001a8c                TAMPER_STAMP_IRQHandler
                0x0000000008001a8c                RTC_WKUP_IRQHandler
                0x0000000008001a8c                SPI2_IRQHandler
                0x0000000008001a8c                DMA2_Channel5_IRQHandler
                0x0000000008001a8c                DMA1_Channel5_IRQHandler
                0x0000000008001a8c                USB_LP_IRQHandler
                0x0000000008001a8c                EXTI4_IRQHandler
                0x0000000008001a8c                DMA1_Channel3_IRQHandler
                0x0000000008001a8c                COMP_IRQHandler
                0x0000000008001a8c                WWDG_IRQHandler
                0x0000000008001a8c                DAC_IRQHandler
                0x0000000008001a8c                EXTI1_IRQHandler
                0x0000000008001a8c                TIM11_IRQHandler
                0x0000000008001a8c                USART2_IRQHandler
                0x0000000008001a8c                I2C2_ER_IRQHandler
                0x0000000008001a8c                DMA1_Channel2_IRQHandler
                0x0000000008001a8c                FLASH_IRQHandler
                0x0000000008001a8c                USART1_IRQHandler
                0x0000000008001a8c                SPI3_IRQHandler
                0x0000000008001a8c                I2C1_ER_IRQHandler
                0x0000000008001a8c                DMA2_Channel3_IRQHandler
 *fill*         0x0000000008001a8e        0x2 
 .text.led_array_init
                0x0000000008001a90       0x34 ./Drivers/LED-Array/led_array.o
                0x0000000008001a90                led_array_init
 .text.write_array
                0x0000000008001ac4       0x60 ./Drivers/LED-Array/led_array.o
                0x0000000008001ac4                write_array
 .text.clear_array
                0x0000000008001b24       0x40 ./Drivers/LED-Array/led_array.o
                0x0000000008001b24                clear_array
 .text.max7219_transmit
                0x0000000008001b64       0x70 ./Drivers/MAX7219/max7219.o
 .text.max7219_init
                0x0000000008001bd4       0xbc ./Drivers/MAX7219/max7219.o
                0x0000000008001bd4                max7219_init
 .text.max7219_display_no_decode
                0x0000000008001c90       0x7c ./Drivers/MAX7219/max7219.o
                0x0000000008001c90                max7219_display_no_decode
 .text.max7219_erase_no_decode
                0x0000000008001d0c       0x7c ./Drivers/MAX7219/max7219.o
                0x0000000008001d0c                max7219_erase_no_decode
 .text.max7219_erase_decode
                0x0000000008001d88       0x7c ./Drivers/MAX7219/max7219.o
                0x0000000008001d88                max7219_erase_decode
 .text.set_7segment
                0x0000000008001e04       0x38 ./Drivers/MAX7219/max7219.o
                0x0000000008001e04                set_7segment
 .text.callback_display
                0x0000000008001e3c       0x48 ./Drivers/MAX7219/max7219.o
                0x0000000008001e3c                callback_display
 .text.display_on_7segments
                0x0000000008001e84      0x318 ./Drivers/MAX7219/max7219.o
                0x0000000008001e84                display_on_7segments
 .text.HAL_Init
                0x000000000800219c       0x30 ./Drivers/STM32L1xx_HAL_Driver/Src/stm32l1xx_hal.o
                0x000000000800219c                HAL_Init
 .text.HAL_IncTick
                0x00000000080021cc       0x24 ./Drivers/STM32L1xx_HAL_Driver/Src/stm32l1xx_hal.o
                0x00000000080021cc                HAL_IncTick
 .text.HAL_GetTick
                0x00000000080021f0       0x14 ./Drivers/STM32L1xx_HAL_Driver/Src/stm32l1xx_hal.o
                0x00000000080021f0                HAL_GetTick
 .text.__NVIC_SetPriorityGrouping
                0x0000000008002204       0x48 ./Drivers/STM32L1xx_HAL_Driver/Src/stm32l1xx_hal_cortex.o
 .text.__NVIC_GetPriorityGrouping
                0x000000000800224c       0x1c ./Drivers/STM32L1xx_HAL_Driver/Src/stm32l1xx_hal_cortex.o
 .text.__NVIC_EnableIRQ
                0x0000000008002268       0x38 ./Drivers/STM32L1xx_HAL_Driver/Src/stm32l1xx_hal_cortex.o
 .text.__NVIC_SetPriority
                0x00000000080022a0       0x54 ./Drivers/STM32L1xx_HAL_Driver/Src/stm32l1xx_hal_cortex.o
 .text.NVIC_EncodePriority
                0x00000000080022f4       0x64 ./Drivers/STM32L1xx_HAL_Driver/Src/stm32l1xx_hal_cortex.o
 .text.HAL_NVIC_SetPriorityGrouping
                0x0000000008002358       0x16 ./Drivers/STM32L1xx_HAL_Driver/Src/stm32l1xx_hal_cortex.o
                0x0000000008002358                HAL_NVIC_SetPriorityGrouping
 .text.HAL_NVIC_SetPriority
                0x000000000800236e       0x38 ./Drivers/STM32L1xx_HAL_Driver/Src/stm32l1xx_hal_cortex.o
                0x000000000800236e                HAL_NVIC_SetPriority
 .text.HAL_NVIC_EnableIRQ
                0x00000000080023a6       0x1c ./Drivers/STM32L1xx_HAL_Driver/Src/stm32l1xx_hal_cortex.o
                0x00000000080023a6                HAL_NVIC_EnableIRQ
 *fill*         0x00000000080023c2        0x2 
 .text.HAL_GPIO_Init
                0x00000000080023c4      0x320 ./Drivers/STM32L1xx_HAL_Driver/Src/stm32l1xx_hal_gpio.o
                0x00000000080023c4                HAL_GPIO_Init
 .text.HAL_GPIO_WritePin
                0x00000000080026e4       0x30 ./Drivers/STM32L1xx_HAL_Driver/Src/stm32l1xx_hal_gpio.o
                0x00000000080026e4                HAL_GPIO_WritePin
 .text.HAL_GPIO_EXTI_IRQHandler
                0x0000000008002714       0x30 ./Drivers/STM32L1xx_HAL_Driver/Src/stm32l1xx_hal_gpio.o
                0x0000000008002714                HAL_GPIO_EXTI_IRQHandler
 .text.HAL_RCC_OscConfig
                0x0000000008002744      0x660 ./Drivers/STM32L1xx_HAL_Driver/Src/stm32l1xx_hal_rcc.o
                0x0000000008002744                HAL_RCC_OscConfig
 .text.HAL_RCC_ClockConfig
                0x0000000008002da4      0x268 ./Drivers/STM32L1xx_HAL_Driver/Src/stm32l1xx_hal_rcc.o
                0x0000000008002da4                HAL_RCC_ClockConfig
 .text.HAL_RCC_GetSysClockFreq
                0x000000000800300c      0x17c ./Drivers/STM32L1xx_HAL_Driver/Src/stm32l1xx_hal_rcc.o
                0x000000000800300c                HAL_RCC_GetSysClockFreq
 .text.HAL_RCC_GetHCLKFreq
                0x0000000008003188       0x14 ./Drivers/STM32L1xx_HAL_Driver/Src/stm32l1xx_hal_rcc.o
                0x0000000008003188                HAL_RCC_GetHCLKFreq
 .text.HAL_RCC_GetPCLK1Freq
                0x000000000800319c       0x28 ./Drivers/STM32L1xx_HAL_Driver/Src/stm32l1xx_hal_rcc.o
                0x000000000800319c                HAL_RCC_GetPCLK1Freq
 .text.HAL_RCC_GetClockConfig
                0x00000000080031c4       0x60 ./Drivers/STM32L1xx_HAL_Driver/Src/stm32l1xx_hal_rcc.o
                0x00000000080031c4                HAL_RCC_GetClockConfig
 .text.RCC_SetFlashLatencyFromMSIRange
                0x0000000008003224       0xc0 ./Drivers/STM32L1xx_HAL_Driver/Src/stm32l1xx_hal_rcc.o
 .text.HAL_SPI_Init
                0x00000000080032e4      0x112 ./Drivers/STM32L1xx_HAL_Driver/Src/stm32l1xx_hal_spi.o
                0x00000000080032e4                HAL_SPI_Init
 .text.HAL_SPI_Transmit
                0x00000000080033f6      0x278 ./Drivers/STM32L1xx_HAL_Driver/Src/stm32l1xx_hal_spi.o
                0x00000000080033f6                HAL_SPI_Transmit
 *fill*         0x000000000800366e        0x2 
 .text.SPI_WaitFlagStateUntilTimeout
                0x0000000008003670      0x110 ./Drivers/STM32L1xx_HAL_Driver/Src/stm32l1xx_hal_spi.o
 .text.SPI_EndRxTxTransaction
                0x0000000008003780       0x84 ./Drivers/STM32L1xx_HAL_Driver/Src/stm32l1xx_hal_spi.o
 .text.HAL_TIM_Base_Init
                0x0000000008003804       0x7e ./Drivers/STM32L1xx_HAL_Driver/Src/stm32l1xx_hal_tim.o
                0x0000000008003804                HAL_TIM_Base_Init
 *fill*         0x0000000008003882        0x2 
 .text.HAL_TIM_Base_Start_IT
                0x0000000008003884       0xa4 ./Drivers/STM32L1xx_HAL_Driver/Src/stm32l1xx_hal_tim.o
                0x0000000008003884                HAL_TIM_Base_Start_IT
 .text.HAL_TIM_PWM_Init
                0x0000000008003928       0x7e ./Drivers/STM32L1xx_HAL_Driver/Src/stm32l1xx_hal_tim.o
                0x0000000008003928                HAL_TIM_PWM_Init
 *fill*         0x00000000080039a6        0x2 
 .text.HAL_TIM_PWM_Start
                0x00000000080039a8      0x12c ./Drivers/STM32L1xx_HAL_Driver/Src/stm32l1xx_hal_tim.o
                0x00000000080039a8                HAL_TIM_PWM_Start
 .text.HAL_TIM_IRQHandler
                0x0000000008003ad4      0x1b8 ./Drivers/STM32L1xx_HAL_Driver/Src/stm32l1xx_hal_tim.o
                0x0000000008003ad4                HAL_TIM_IRQHandler
 .text.HAL_TIM_PWM_ConfigChannel
                0x0000000008003c8c      0x17c ./Drivers/STM32L1xx_HAL_Driver/Src/stm32l1xx_hal_tim.o
                0x0000000008003c8c                HAL_TIM_PWM_ConfigChannel
 .text.HAL_TIM_ConfigClockSource
                0x0000000008003e08      0x188 ./Drivers/STM32L1xx_HAL_Driver/Src/stm32l1xx_hal_tim.o
                0x0000000008003e08                HAL_TIM_ConfigClockSource
 .text.HAL_TIM_SlaveConfigSynchro
                0x0000000008003f90       0x84 ./Drivers/STM32L1xx_HAL_Driver/Src/stm32l1xx_hal_tim.o
                0x0000000008003f90                HAL_TIM_SlaveConfigSynchro
 .text.HAL_TIM_OC_DelayElapsedCallback
                0x0000000008004014       0x12 ./Drivers/STM32L1xx_HAL_Driver/Src/stm32l1xx_hal_tim.o
                0x0000000008004014                HAL_TIM_OC_DelayElapsedCallback
 .text.HAL_TIM_IC_CaptureCallback
                0x0000000008004026       0x12 ./Drivers/STM32L1xx_HAL_Driver/Src/stm32l1xx_hal_tim.o
                0x0000000008004026                HAL_TIM_IC_CaptureCallback
 .text.HAL_TIM_PWM_PulseFinishedCallback
                0x0000000008004038       0x12 ./Drivers/STM32L1xx_HAL_Driver/Src/stm32l1xx_hal_tim.o
                0x0000000008004038                HAL_TIM_PWM_PulseFinishedCallback
 .text.HAL_TIM_TriggerCallback
                0x000000000800404a       0x12 ./Drivers/STM32L1xx_HAL_Driver/Src/stm32l1xx_hal_tim.o
                0x000000000800404a                HAL_TIM_TriggerCallback
 .text.TIM_Base_SetConfig
                0x000000000800405c       0xe0 ./Drivers/STM32L1xx_HAL_Driver/Src/stm32l1xx_hal_tim.o
 .text.TIM_OC1_SetConfig
                0x000000000800413c       0x78 ./Drivers/STM32L1xx_HAL_Driver/Src/stm32l1xx_hal_tim.o
 .text.TIM_OC2_SetConfig
                0x00000000080041b4       0x7c ./Drivers/STM32L1xx_HAL_Driver/Src/stm32l1xx_hal_tim.o
 .text.TIM_OC3_SetConfig
                0x0000000008004230       0x7a ./Drivers/STM32L1xx_HAL_Driver/Src/stm32l1xx_hal_tim.o
 .text.TIM_OC4_SetConfig
                0x00000000080042aa       0x7c ./Drivers/STM32L1xx_HAL_Driver/Src/stm32l1xx_hal_tim.o
 .text.TIM_SlaveTimer_SetConfig
                0x0000000008004326      0x11c ./Drivers/STM32L1xx_HAL_Driver/Src/stm32l1xx_hal_tim.o
 .text.TIM_TI1_ConfigInputStage
                0x0000000008004442       0x5c ./Drivers/STM32L1xx_HAL_Driver/Src/stm32l1xx_hal_tim.o
 .text.TIM_TI2_ConfigInputStage
                0x000000000800449e       0x5e ./Drivers/STM32L1xx_HAL_Driver/Src/stm32l1xx_hal_tim.o
 .text.TIM_ITRx_SetConfig
                0x00000000080044fc       0x34 ./Drivers/STM32L1xx_HAL_Driver/Src/stm32l1xx_hal_tim.o
 .text.TIM_ETR_SetConfig
                0x0000000008004530       0x3e ./Drivers/STM32L1xx_HAL_Driver/Src/stm32l1xx_hal_tim.o
 .text.TIM_CCxChannelCmd
                0x000000000800456e       0x48 ./Drivers/STM32L1xx_HAL_Driver/Src/stm32l1xx_hal_tim.o
 *fill*         0x00000000080045b6        0x2 
 .text.HAL_TIMEx_MasterConfigSynchronization
                0x00000000080045b8       0xbc ./Drivers/STM32L1xx_HAL_Driver/Src/stm32l1xx_hal_tim_ex.o
                0x00000000080045b8                HAL_TIMEx_MasterConfigSynchronization
 .text.timer_interrupt
                0x0000000008004674       0x20 ./Drivers/Timer/timer.o
                0x0000000008004674                timer_interrupt
 .text.timer_init
                0x0000000008004694       0x50 ./Drivers/Timer/timer.o
                0x0000000008004694                timer_init
 .text.set_interrupt_launcher
                0x00000000080046e4       0x54 ./Drivers/Timer/timer.o
                0x00000000080046e4                set_interrupt_launcher
 .text.start_timer
                0x0000000008004738       0x18 ./Drivers/Timer/timer.o
                0x0000000008004738                start_timer
 .text.stop_timer
                0x0000000008004750       0x18 ./Drivers/Timer/timer.o
                0x0000000008004750                stop_timer
 .text.buzzer_play_note
                0x0000000008004768       0x34 ./Drivers/music/music.o
                0x0000000008004768                buzzer_play_note
 .text.buzzer_mute
                0x000000000800479c       0x1c ./Drivers/music/music.o
                0x000000000800479c                buzzer_mute
 .text.buzzer_play_note_by_name
                0x00000000080047b8       0xb4 ./Drivers/music/music.o
                0x00000000080047b8                buzzer_play_note_by_name
 .text.init_music
                0x000000000800486c       0x50 ./Drivers/music/music.o
                0x000000000800486c                init_music
 .text.play_music
                0x00000000080048bc       0x64 ./Drivers/music/music.o
                0x00000000080048bc                play_music
 .text.set_music
                0x0000000008004920       0x28 ./Drivers/music/music.o
                0x0000000008004920                set_music
 .text.get_partition_sz
                0x0000000008004948       0x28 ./Drivers/music/music.o
                0x0000000008004948                get_partition_sz
 .text.__libc_init_array
                0x0000000008004970       0x48 e:/programs/stm32cubeide_1.10.1/stm32cubeide/plugins/com.st.stm32cube.ide.mcu.externaltools.gnu-tools-for-stm32.10.3-2021.10.win32_1.0.0.202111181127/tools/bin/../lib/gcc/arm-none-eabi/10.3.1/../../../../arm-none-eabi/lib/thumb/v7-m/nofp\libc_nano.a(lib_a-init.o)
                0x0000000008004970                __libc_init_array
 .text.memset   0x00000000080049b8       0x10 e:/programs/stm32cubeide_1.10.1/stm32cubeide/plugins/com.st.stm32cube.ide.mcu.externaltools.gnu-tools-for-stm32.10.3-2021.10.win32_1.0.0.202111181127/tools/bin/../lib/gcc/arm-none-eabi/10.3.1/../../../../arm-none-eabi/lib/thumb/v7-m/nofp\libc_nano.a(lib_a-memset.o)
                0x00000000080049b8                memset
 *(.glue_7)
 .glue_7        0x00000000080049c8        0x0 linker stubs
 *(.glue_7t)
 .glue_7t       0x00000000080049c8        0x0 linker stubs
 *(.eh_frame)
 .eh_frame      0x00000000080049c8        0x0 e:/programs/stm32cubeide_1.10.1/stm32cubeide/plugins/com.st.stm32cube.ide.mcu.externaltools.gnu-tools-for-stm32.10.3-2021.10.win32_1.0.0.202111181127/tools/bin/../lib/gcc/arm-none-eabi/10.3.1/thumb/v7-m/nofp/crtbegin.o
 *(.init)
 .init          0x00000000080049c8        0x4 e:/programs/stm32cubeide_1.10.1/stm32cubeide/plugins/com.st.stm32cube.ide.mcu.externaltools.gnu-tools-for-stm32.10.3-2021.10.win32_1.0.0.202111181127/tools/bin/../lib/gcc/arm-none-eabi/10.3.1/thumb/v7-m/nofp/crti.o
                0x00000000080049c8                _init
 .init          0x00000000080049cc        0x8 e:/programs/stm32cubeide_1.10.1/stm32cubeide/plugins/com.st.stm32cube.ide.mcu.externaltools.gnu-tools-for-stm32.10.3-2021.10.win32_1.0.0.202111181127/tools/bin/../lib/gcc/arm-none-eabi/10.3.1/thumb/v7-m/nofp/crtn.o
 *(.fini)
 .fini          0x00000000080049d4        0x4 e:/programs/stm32cubeide_1.10.1/stm32cubeide/plugins/com.st.stm32cube.ide.mcu.externaltools.gnu-tools-for-stm32.10.3-2021.10.win32_1.0.0.202111181127/tools/bin/../lib/gcc/arm-none-eabi/10.3.1/thumb/v7-m/nofp/crti.o
                0x00000000080049d4                _fini
 .fini          0x00000000080049d8        0x8 e:/programs/stm32cubeide_1.10.1/stm32cubeide/plugins/com.st.stm32cube.ide.mcu.externaltools.gnu-tools-for-stm32.10.3-2021.10.win32_1.0.0.202111181127/tools/bin/../lib/gcc/arm-none-eabi/10.3.1/thumb/v7-m/nofp/crtn.o
                0x00000000080049e0                . = ALIGN (0x4)
                0x00000000080049e0                _etext = .

.vfp11_veneer   0x00000000080049e0        0x0
 .vfp11_veneer  0x00000000080049e0        0x0 linker stubs

.v4_bx          0x00000000080049e0        0x0
 .v4_bx         0x00000000080049e0        0x0 linker stubs

.iplt           0x00000000080049e0        0x0
 .iplt          0x00000000080049e0        0x0 e:/programs/stm32cubeide_1.10.1/stm32cubeide/plugins/com.st.stm32cube.ide.mcu.externaltools.gnu-tools-for-stm32.10.3-2021.10.win32_1.0.0.202111181127/tools/bin/../lib/gcc/arm-none-eabi/10.3.1/thumb/v7-m/nofp/crtbegin.o

.rodata         0x00000000080049e0       0xc8
                0x00000000080049e0                . = ALIGN (0x4)
 *(.rodata)
 .rodata        0x00000000080049e0       0x15 ./Core/Pong/pong.o
 *fill*         0x00000000080049f5        0x3 
 .rodata        0x00000000080049f8       0x40 ./Core/Src/main.o
 .rodata        0x0000000008004a38       0x33 ./Drivers/music/music.o
 *(.rodata*)
 *fill*         0x0000000008004a6b        0x1 
 .rodata.PLLMulTable
                0x0000000008004a6c        0x9 ./Core/Src/system_stm32l1xx.o
                0x0000000008004a6c                PLLMulTable
 *fill*         0x0000000008004a75        0x3 
 .rodata.AHBPrescTable
                0x0000000008004a78       0x10 ./Core/Src/system_stm32l1xx.o
                0x0000000008004a78                AHBPrescTable
 .rodata.APBPrescTable
                0x0000000008004a88        0x8 ./Core/Src/system_stm32l1xx.o
                0x0000000008004a88                APBPrescTable
 .rodata.function_list
                0x0000000008004a90       0x18 ./Drivers/Timer/timer.o
                0x0000000008004aa8                . = ALIGN (0x4)

.ARM.extab      0x0000000008004aa8        0x0
                0x0000000008004aa8                . = ALIGN (0x4)
 *(.ARM.extab* .gnu.linkonce.armextab.*)
                0x0000000008004aa8                . = ALIGN (0x4)

.ARM            0x0000000008004aa8        0x8
                0x0000000008004aa8                . = ALIGN (0x4)
                0x0000000008004aa8                __exidx_start = .
 *(.ARM.exidx*)
 .ARM.exidx     0x0000000008004aa8        0x8 e:/programs/stm32cubeide_1.10.1/stm32cubeide/plugins/com.st.stm32cube.ide.mcu.externaltools.gnu-tools-for-stm32.10.3-2021.10.win32_1.0.0.202111181127/tools/bin/../lib/gcc/arm-none-eabi/10.3.1/thumb/v7-m/nofp\libgcc.a(_udivmoddi4.o)
                0x0000000008004ab0                __exidx_end = .
                0x0000000008004ab0                . = ALIGN (0x4)

.rel.dyn        0x0000000008004ab0        0x0
 .rel.iplt      0x0000000008004ab0        0x0 e:/programs/stm32cubeide_1.10.1/stm32cubeide/plugins/com.st.stm32cube.ide.mcu.externaltools.gnu-tools-for-stm32.10.3-2021.10.win32_1.0.0.202111181127/tools/bin/../lib/gcc/arm-none-eabi/10.3.1/thumb/v7-m/nofp/crtbegin.o

.preinit_array  0x0000000008004ab0        0x0
                0x0000000008004ab0                . = ALIGN (0x4)
                0x0000000008004ab0                PROVIDE (__preinit_array_start = .)
 *(.preinit_array*)
                0x0000000008004ab0                PROVIDE (__preinit_array_end = .)
                0x0000000008004ab0                . = ALIGN (0x4)

.init_array     0x0000000008004ab0        0x4
                0x0000000008004ab0                . = ALIGN (0x4)
                0x0000000008004ab0                PROVIDE (__init_array_start = .)
 *(SORT_BY_NAME(.init_array.*))
 *(.init_array*)
 .init_array    0x0000000008004ab0        0x4 e:/programs/stm32cubeide_1.10.1/stm32cubeide/plugins/com.st.stm32cube.ide.mcu.externaltools.gnu-tools-for-stm32.10.3-2021.10.win32_1.0.0.202111181127/tools/bin/../lib/gcc/arm-none-eabi/10.3.1/thumb/v7-m/nofp/crtbegin.o
                0x0000000008004ab4                PROVIDE (__init_array_end = .)
                0x0000000008004ab4                . = ALIGN (0x4)

.fini_array     0x0000000008004ab4        0x4
                0x0000000008004ab4                . = ALIGN (0x4)
                [!provide]                        PROVIDE (__fini_array_start = .)
 *(SORT_BY_NAME(.fini_array.*))
 *(.fini_array*)
 .fini_array    0x0000000008004ab4        0x4 e:/programs/stm32cubeide_1.10.1/stm32cubeide/plugins/com.st.stm32cube.ide.mcu.externaltools.gnu-tools-for-stm32.10.3-2021.10.win32_1.0.0.202111181127/tools/bin/../lib/gcc/arm-none-eabi/10.3.1/thumb/v7-m/nofp/crtbegin.o
                [!provide]                        PROVIDE (__fini_array_end = .)
                0x0000000008004ab8                . = ALIGN (0x4)
                0x0000000008004ab8                _sidata = LOADADDR (.data)

.data           0x0000000020000000      0x40c load address 0x0000000008004ab8
                0x0000000020000000                . = ALIGN (0x4)
                0x0000000020000000                _sdata = .
 *(.data)
 *(.data*)
 .data.states_list
                0x0000000020000000       0x58 ./Core/Pong/pong.o
 .data.SystemCoreClock
                0x0000000020000058        0x4 ./Core/Src/system_stm32l1xx.o
                0x0000000020000058                SystemCoreClock
 .data.digits_registers
                0x000000002000005c        0x8 ./Drivers/MAX7219/max7219.o
 .data.display_state.0
                0x0000000020000064        0x1 ./Drivers/MAX7219/max7219.o
 *fill*         0x0000000020000065        0x3 
 .data.uwTickPrio
                0x0000000020000068        0x4 ./Drivers/STM32L1xx_HAL_Driver/Src/stm32l1xx_hal.o
                0x0000000020000068                uwTickPrio
 .data.uwTickFreq
                0x000000002000006c        0x4 ./Drivers/STM32L1xx_HAL_Driver/Src/stm32l1xx_hal.o
                0x000000002000006c                uwTickFreq
 .data.notes_array
                0x0000000020000070      0x120 ./Drivers/music/music.o
 .data.partition_pacman
                0x0000000020000190       0xe4 ./Drivers/music/music.o
 .data.partition_auClairDeLaLune
                0x0000000020000274       0x74 ./Drivers/music/music.o
 .data.partition_P1_reflexe
                0x00000000200002e8        0xc ./Drivers/music/music.o
 .data.partition_P2_reflexe
                0x00000000200002f4        0xc ./Drivers/music/music.o
 .data.partition_win
                0x0000000020000300       0xe4 ./Drivers/music/music.o
 .data.partition_array
                0x00000000200003e4       0x28 ./Drivers/music/music.o
 *(.RamFunc)
 *(.RamFunc*)
                0x000000002000040c                . = ALIGN (0x4)
                0x000000002000040c                _edata = .

.igot.plt       0x000000002000040c        0x0 load address 0x0000000008004ec4
 .igot.plt      0x000000002000040c        0x0 e:/programs/stm32cubeide_1.10.1/stm32cubeide/plugins/com.st.stm32cube.ide.mcu.externaltools.gnu-tools-for-stm32.10.3-2021.10.win32_1.0.0.202111181127/tools/bin/../lib/gcc/arm-none-eabi/10.3.1/thumb/v7-m/nofp/crtbegin.o
                0x000000002000040c                . = ALIGN (0x4)

.bss            0x000000002000040c      0x178 load address 0x0000000008004ec4
                0x000000002000040c                _sbss = .
                0x000000002000040c                __bss_start__ = _sbss
 *(.bss)
 .bss           0x000000002000040c       0x1c e:/programs/stm32cubeide_1.10.1/stm32cubeide/plugins/com.st.stm32cube.ide.mcu.externaltools.gnu-tools-for-stm32.10.3-2021.10.win32_1.0.0.202111181127/tools/bin/../lib/gcc/arm-none-eabi/10.3.1/thumb/v7-m/nofp/crtbegin.o
 *(.bss*)
 .bss.pong_handle
                0x0000000020000428        0x4 ./Core/Pong/pong.o
 .bss.fsm_handle
                0x000000002000042c        0x4 ./Core/Pong/pong.o
 .bss.buffer7.8
                0x0000000020000430        0x4 ./Core/Pong/pong.o
 .bss.cnt.7     0x0000000020000434        0x4 ./Core/Pong/pong.o
 .bss.display_state.6
                0x0000000020000438        0x1 ./Core/Pong/pong.o
 *fill*         0x0000000020000439        0x3 
 .bss.bufferL.5
                0x000000002000043c        0x4 ./Core/Pong/pong.o
 .bss.bufferL.4
                0x0000000020000440        0x4 ./Core/Pong/pong.o
 .bss.buffer7.3
                0x0000000020000444        0x4 ./Core/Pong/pong.o
 .bss.shift_state.2
                0x0000000020000448        0x1 ./Core/Pong/pong.o
 *fill*         0x0000000020000449        0x3 
 .bss.buffer7.1
                0x000000002000044c        0x4 ./Core/Pong/pong.o
 .bss.shift_state.0
                0x0000000020000450        0x1 ./Core/Pong/pong.o
 *fill*         0x0000000020000451        0x3 
 .bss.hspi1     0x0000000020000454       0x58 ./Core/Src/main.o
                0x0000000020000454                hspi1
 .bss.htim3     0x00000000200004ac       0x40 ./Core/Src/main.o
                0x00000000200004ac                htim3
 .bss.htim4     0x00000000200004ec       0x40 ./Core/Src/main.o
                0x00000000200004ec                htim4
 .bss.htim2     0x000000002000052c       0x40 ./Core/Src/stm32l1xx_hal_timebase_tim.o
                0x000000002000052c                htim2
 .bss.led_array
                0x000000002000056c        0x4 ./Drivers/LED-Array/led_array.o
 .bss.max7219_handle
                0x0000000020000570        0x4 ./Drivers/MAX7219/max7219.o
 .bss.uwTick    0x0000000020000574        0x4 ./Drivers/STM32L1xx_HAL_Driver/Src/stm32l1xx_hal.o
                0x0000000020000574                uwTick
 .bss.timer_handler
                0x0000000020000578        0x4 ./Drivers/Timer/timer.o
 .bss.music_handler
                0x000000002000057c        0x4 ./Drivers/music/music.o
 .bss.music_index.0
                0x0000000020000580        0x1 ./Drivers/music/music.o
 *(COMMON)
                0x0000000020000584                . = ALIGN (0x4)
 *fill*         0x0000000020000581        0x3 
                0x0000000020000584                _ebss = .
                0x0000000020000584                __bss_end__ = _ebss

._user_heap_stack
                0x0000000020000584      0x604 load address 0x0000000008004ec4
                0x0000000020000588                . = ALIGN (0x8)
 *fill*         0x0000000020000584        0x4 
                [!provide]                        PROVIDE (end = .)
                0x0000000020000588                PROVIDE (_end = .)
                0x0000000020000788                . = (. + _Min_Heap_Size)
 *fill*         0x0000000020000588      0x200 
                0x0000000020000b88                . = (. + _Min_Stack_Size)
 *fill*         0x0000000020000788      0x400 
                0x0000000020000b88                . = ALIGN (0x8)

/DISCARD/
 libc.a(*)
 libm.a(*)
 libgcc.a(*)

.ARM.attributes
                0x0000000000000000       0x29
 *(.ARM.attributes)
 .ARM.attributes
                0x0000000000000000       0x1d e:/programs/stm32cubeide_1.10.1/stm32cubeide/plugins/com.st.stm32cube.ide.mcu.externaltools.gnu-tools-for-stm32.10.3-2021.10.win32_1.0.0.202111181127/tools/bin/../lib/gcc/arm-none-eabi/10.3.1/thumb/v7-m/nofp/crti.o
 .ARM.attributes
                0x000000000000001d       0x2d e:/programs/stm32cubeide_1.10.1/stm32cubeide/plugins/com.st.stm32cube.ide.mcu.externaltools.gnu-tools-for-stm32.10.3-2021.10.win32_1.0.0.202111181127/tools/bin/../lib/gcc/arm-none-eabi/10.3.1/thumb/v7-m/nofp/crtbegin.o
 .ARM.attributes
                0x000000000000004a       0x2d ./Core/Pong/pong.o
 .ARM.attributes
                0x0000000000000077       0x2d ./Core/Src/main.o
 .ARM.attributes
                0x00000000000000a4       0x2d ./Core/Src/stm32l1xx_hal_msp.o
 .ARM.attributes
                0x00000000000000d1       0x2d ./Core/Src/stm32l1xx_hal_timebase_tim.o
 .ARM.attributes
                0x00000000000000fe       0x2d ./Core/Src/stm32l1xx_it.o
 .ARM.attributes
                0x000000000000012b       0x2d ./Core/Src/system_stm32l1xx.o
 .ARM.attributes
                0x0000000000000158       0x21 ./Core/Startup/startup_stm32l152retx.o
 .ARM.attributes
                0x0000000000000179       0x2d ./Drivers/LED-Array/led_array.o
 .ARM.attributes
                0x00000000000001a6       0x2d ./Drivers/MAX7219/max7219.o
 .ARM.attributes
                0x00000000000001d3       0x2d ./Drivers/STM32L1xx_HAL_Driver/Src/stm32l1xx_hal.o
 .ARM.attributes
                0x0000000000000200       0x2d ./Drivers/STM32L1xx_HAL_Driver/Src/stm32l1xx_hal_cortex.o
 .ARM.attributes
                0x000000000000022d       0x2d ./Drivers/STM32L1xx_HAL_Driver/Src/stm32l1xx_hal_gpio.o
 .ARM.attributes
                0x000000000000025a       0x2d ./Drivers/STM32L1xx_HAL_Driver/Src/stm32l1xx_hal_rcc.o
 .ARM.attributes
                0x0000000000000287       0x2d ./Drivers/STM32L1xx_HAL_Driver/Src/stm32l1xx_hal_spi.o
 .ARM.attributes
                0x00000000000002b4       0x2d ./Drivers/STM32L1xx_HAL_Driver/Src/stm32l1xx_hal_tim.o
 .ARM.attributes
                0x00000000000002e1       0x2d ./Drivers/STM32L1xx_HAL_Driver/Src/stm32l1xx_hal_tim_ex.o
 .ARM.attributes
                0x000000000000030e       0x2d ./Drivers/Timer/timer.o
 .ARM.attributes
                0x000000000000033b       0x2d ./Drivers/music/music.o
 .ARM.attributes
                0x0000000000000368       0x2d e:/programs/stm32cubeide_1.10.1/stm32cubeide/plugins/com.st.stm32cube.ide.mcu.externaltools.gnu-tools-for-stm32.10.3-2021.10.win32_1.0.0.202111181127/tools/bin/../lib/gcc/arm-none-eabi/10.3.1/../../../../arm-none-eabi/lib/thumb/v7-m/nofp\libc_nano.a(lib_a-init.o)
 .ARM.attributes
                0x0000000000000395       0x2d e:/programs/stm32cubeide_1.10.1/stm32cubeide/plugins/com.st.stm32cube.ide.mcu.externaltools.gnu-tools-for-stm32.10.3-2021.10.win32_1.0.0.202111181127/tools/bin/../lib/gcc/arm-none-eabi/10.3.1/../../../../arm-none-eabi/lib/thumb/v7-m/nofp\libc_nano.a(lib_a-memset.o)
 .ARM.attributes
                0x00000000000003c2       0x1b e:/programs/stm32cubeide_1.10.1/stm32cubeide/plugins/com.st.stm32cube.ide.mcu.externaltools.gnu-tools-for-stm32.10.3-2021.10.win32_1.0.0.202111181127/tools/bin/../lib/gcc/arm-none-eabi/10.3.1/../../../../arm-none-eabi/lib/thumb/v7-m/nofp\libc_nano.a(lib_a-strcmp.o)
 .ARM.attributes
                0x00000000000003dd       0x1d e:/programs/stm32cubeide_1.10.1/stm32cubeide/plugins/com.st.stm32cube.ide.mcu.externaltools.gnu-tools-for-stm32.10.3-2021.10.win32_1.0.0.202111181127/tools/bin/../lib/gcc/arm-none-eabi/10.3.1/thumb/v7-m/nofp\libgcc.a(_aeabi_uldivmod.o)
 .ARM.attributes
                0x00000000000003fa       0x2d e:/programs/stm32cubeide_1.10.1/stm32cubeide/plugins/com.st.stm32cube.ide.mcu.externaltools.gnu-tools-for-stm32.10.3-2021.10.win32_1.0.0.202111181127/tools/bin/../lib/gcc/arm-none-eabi/10.3.1/thumb/v7-m/nofp\libgcc.a(_udivmoddi4.o)
 .ARM.attributes
                0x0000000000000427       0x1d e:/programs/stm32cubeide_1.10.1/stm32cubeide/plugins/com.st.stm32cube.ide.mcu.externaltools.gnu-tools-for-stm32.10.3-2021.10.win32_1.0.0.202111181127/tools/bin/../lib/gcc/arm-none-eabi/10.3.1/thumb/v7-m/nofp\libgcc.a(_dvmd_tls.o)
 .ARM.attributes
                0x0000000000000444       0x1d e:/programs/stm32cubeide_1.10.1/stm32cubeide/plugins/com.st.stm32cube.ide.mcu.externaltools.gnu-tools-for-stm32.10.3-2021.10.win32_1.0.0.202111181127/tools/bin/../lib/gcc/arm-none-eabi/10.3.1/thumb/v7-m/nofp/crtn.o
OUTPUT(1er_STM32.elf elf32-littlearm)
LOAD linker stubs
LOAD e:/programs/stm32cubeide_1.10.1/stm32cubeide/plugins/com.st.stm32cube.ide.mcu.externaltools.gnu-tools-for-stm32.10.3-2021.10.win32_1.0.0.202111181127/tools/bin/../lib/gcc/arm-none-eabi/10.3.1/../../../../arm-none-eabi/lib/thumb/v7-m/nofp\libc.a
LOAD e:/programs/stm32cubeide_1.10.1/stm32cubeide/plugins/com.st.stm32cube.ide.mcu.externaltools.gnu-tools-for-stm32.10.3-2021.10.win32_1.0.0.202111181127/tools/bin/../lib/gcc/arm-none-eabi/10.3.1/../../../../arm-none-eabi/lib/thumb/v7-m/nofp\libm.a
LOAD e:/programs/stm32cubeide_1.10.1/stm32cubeide/plugins/com.st.stm32cube.ide.mcu.externaltools.gnu-tools-for-stm32.10.3-2021.10.win32_1.0.0.202111181127/tools/bin/../lib/gcc/arm-none-eabi/10.3.1/thumb/v7-m/nofp\libgcc.a

.debug_info     0x0000000000000000     0xdc1a
 .debug_info    0x0000000000000000     0x1327 ./Core/Pong/pong.o
 .debug_info    0x0000000000001327     0x1b5c ./Core/Src/main.o
 .debug_info    0x0000000000002e83      0xed8 ./Core/Src/stm32l1xx_hal_msp.o
 .debug_info    0x0000000000003d5b      0xa64 ./Core/Src/stm32l1xx_hal_timebase_tim.o
 .debug_info    0x00000000000047bf      0x736 ./Core/Src/stm32l1xx_it.o
 .debug_info    0x0000000000004ef5      0x2a7 ./Core/Src/system_stm32l1xx.o
 .debug_info    0x000000000000519c       0x22 ./Core/Startup/startup_stm32l152retx.o
 .debug_info    0x00000000000051be      0x37c ./Drivers/LED-Array/led_array.o
 .debug_info    0x000000000000553a      0x9ff ./Drivers/MAX7219/max7219.o
 .debug_info    0x0000000000005f39      0x726 ./Drivers/STM32L1xx_HAL_Driver/Src/stm32l1xx_hal.o
 .debug_info    0x000000000000665f      0xd85 ./Drivers/STM32L1xx_HAL_Driver/Src/stm32l1xx_hal_cortex.o
 .debug_info    0x00000000000073e4      0x635 ./Drivers/STM32L1xx_HAL_Driver/Src/stm32l1xx_hal_gpio.o
 .debug_info    0x0000000000007a19      0x9e7 ./Drivers/STM32L1xx_HAL_Driver/Src/stm32l1xx_hal_rcc.o
 .debug_info    0x0000000000008400     0x1710 ./Drivers/STM32L1xx_HAL_Driver/Src/stm32l1xx_hal_spi.o
 .debug_info    0x0000000000009b10     0x2859 ./Drivers/STM32L1xx_HAL_Driver/Src/stm32l1xx_hal_tim.o
 .debug_info    0x000000000000c369      0x6eb ./Drivers/STM32L1xx_HAL_Driver/Src/stm32l1xx_hal_tim_ex.o
 .debug_info    0x000000000000ca54      0x80a ./Drivers/Timer/timer.o
 .debug_info    0x000000000000d25e      0x9bc ./Drivers/music/music.o

.debug_abbrev   0x0000000000000000     0x244f
 .debug_abbrev  0x0000000000000000      0x2ad ./Core/Pong/pong.o
 .debug_abbrev  0x00000000000002ad      0x3a7 ./Core/Src/main.o
 .debug_abbrev  0x0000000000000654      0x1cc ./Core/Src/stm32l1xx_hal_msp.o
 .debug_abbrev  0x0000000000000820      0x1e6 ./Core/Src/stm32l1xx_hal_timebase_tim.o
 .debug_abbrev  0x0000000000000a06      0x184 ./Core/Src/stm32l1xx_it.o
 .debug_abbrev  0x0000000000000b8a      0x116 ./Core/Src/system_stm32l1xx.o
 .debug_abbrev  0x0000000000000ca0       0x12 ./Core/Startup/startup_stm32l152retx.o
 .debug_abbrev  0x0000000000000cb2      0x1b3 ./Drivers/LED-Array/led_array.o
 .debug_abbrev  0x0000000000000e65      0x1f6 ./Drivers/MAX7219/max7219.o
 .debug_abbrev  0x000000000000105b      0x26c ./Drivers/STM32L1xx_HAL_Driver/Src/stm32l1xx_hal.o
 .debug_abbrev  0x00000000000012c7      0x316 ./Drivers/STM32L1xx_HAL_Driver/Src/stm32l1xx_hal_cortex.o
 .debug_abbrev  0x00000000000015dd      0x1c4 ./Drivers/STM32L1xx_HAL_Driver/Src/stm32l1xx_hal_gpio.o
 .debug_abbrev  0x00000000000017a1      0x2b0 ./Drivers/STM32L1xx_HAL_Driver/Src/stm32l1xx_hal_rcc.o
 .debug_abbrev  0x0000000000001a51      0x26e ./Drivers/STM32L1xx_HAL_Driver/Src/stm32l1xx_hal_spi.o
 .debug_abbrev  0x0000000000001cbf      0x248 ./Drivers/STM32L1xx_HAL_Driver/Src/stm32l1xx_hal_tim.o
 .debug_abbrev  0x0000000000001f07      0x155 ./Drivers/STM32L1xx_HAL_Driver/Src/stm32l1xx_hal_tim_ex.o
 .debug_abbrev  0x000000000000205c      0x1e2 ./Drivers/Timer/timer.o
 .debug_abbrev  0x000000000000223e      0x211 ./Drivers/music/music.o

.debug_aranges  0x0000000000000000      0xc28
 .debug_aranges
                0x0000000000000000       0x90 ./Core/Pong/pong.o
 .debug_aranges
                0x0000000000000090       0x68 ./Core/Src/main.o
 .debug_aranges
                0x00000000000000f8       0x58 ./Core/Src/stm32l1xx_hal_msp.o
 .debug_aranges
                0x0000000000000150       0x30 ./Core/Src/stm32l1xx_hal_timebase_tim.o
 .debug_aranges
                0x0000000000000180       0x78 ./Core/Src/stm32l1xx_it.o
 .debug_aranges
                0x00000000000001f8       0x28 ./Core/Src/system_stm32l1xx.o
 .debug_aranges
                0x0000000000000220       0x28 ./Core/Startup/startup_stm32l152retx.o
 .debug_aranges
                0x0000000000000248       0x48 ./Drivers/LED-Array/led_array.o
 .debug_aranges
                0x0000000000000290       0x60 ./Drivers/MAX7219/max7219.o
 .debug_aranges
                0x00000000000002f0       0xe0 ./Drivers/STM32L1xx_HAL_Driver/Src/stm32l1xx_hal.o
 .debug_aranges
                0x00000000000003d0      0x118 ./Drivers/STM32L1xx_HAL_Driver/Src/stm32l1xx_hal_cortex.o
 .debug_aranges
                0x00000000000004e8       0x58 ./Drivers/STM32L1xx_HAL_Driver/Src/stm32l1xx_hal_gpio.o
 .debug_aranges
                0x0000000000000540       0x90 ./Drivers/STM32L1xx_HAL_Driver/Src/stm32l1xx_hal_rcc.o
 .debug_aranges
                0x00000000000005d0      0x1d0 ./Drivers/STM32L1xx_HAL_Driver/Src/stm32l1xx_hal_spi.o
 .debug_aranges
                0x00000000000007a0      0x3d0 ./Drivers/STM32L1xx_HAL_Driver/Src/stm32l1xx_hal_tim.o
 .debug_aranges
                0x0000000000000b70       0x28 ./Drivers/STM32L1xx_HAL_Driver/Src/stm32l1xx_hal_tim_ex.o
 .debug_aranges
                0x0000000000000b98       0x40 ./Drivers/Timer/timer.o
 .debug_aranges
                0x0000000000000bd8       0x50 ./Drivers/music/music.o

.debug_ranges   0x0000000000000000      0xb40
 .debug_ranges  0x0000000000000000       0x80 ./Core/Pong/pong.o
 .debug_ranges  0x0000000000000080       0x58 ./Core/Src/main.o
 .debug_ranges  0x00000000000000d8       0x48 ./Core/Src/stm32l1xx_hal_msp.o
 .debug_ranges  0x0000000000000120       0x20 ./Core/Src/stm32l1xx_hal_timebase_tim.o
 .debug_ranges  0x0000000000000140       0x68 ./Core/Src/stm32l1xx_it.o
 .debug_ranges  0x00000000000001a8       0x18 ./Core/Src/system_stm32l1xx.o
 .debug_ranges  0x00000000000001c0       0x20 ./Core/Startup/startup_stm32l152retx.o
 .debug_ranges  0x00000000000001e0       0x38 ./Drivers/LED-Array/led_array.o
 .debug_ranges  0x0000000000000218       0x50 ./Drivers/MAX7219/max7219.o
 .debug_ranges  0x0000000000000268       0xd0 ./Drivers/STM32L1xx_HAL_Driver/Src/stm32l1xx_hal.o
 .debug_ranges  0x0000000000000338      0x108 ./Drivers/STM32L1xx_HAL_Driver/Src/stm32l1xx_hal_cortex.o
 .debug_ranges  0x0000000000000440       0x48 ./Drivers/STM32L1xx_HAL_Driver/Src/stm32l1xx_hal_gpio.o
 .debug_ranges  0x0000000000000488       0x80 ./Drivers/STM32L1xx_HAL_Driver/Src/stm32l1xx_hal_rcc.o
 .debug_ranges  0x0000000000000508      0x1c0 ./Drivers/STM32L1xx_HAL_Driver/Src/stm32l1xx_hal_spi.o
 .debug_ranges  0x00000000000006c8      0x3c0 ./Drivers/STM32L1xx_HAL_Driver/Src/stm32l1xx_hal_tim.o
 .debug_ranges  0x0000000000000a88       0x18 ./Drivers/STM32L1xx_HAL_Driver/Src/stm32l1xx_hal_tim_ex.o
 .debug_ranges  0x0000000000000aa0       0x30 ./Drivers/Timer/timer.o
 .debug_ranges  0x0000000000000ad0       0x70 ./Drivers/music/music.o

.debug_macro    0x0000000000000000    0x17434
 .debug_macro   0x0000000000000000      0x3bf ./Core/Pong/pong.o
 .debug_macro   0x00000000000003bf      0xa6c ./Core/Pong/pong.o
 .debug_macro   0x0000000000000e2b      0x10f ./Core/Pong/pong.o
 .debug_macro   0x0000000000000f3a       0x2e ./Core/Pong/pong.o
 .debug_macro   0x0000000000000f68       0x22 ./Core/Pong/pong.o
 .debug_macro   0x0000000000000f8a       0x22 ./Core/Pong/pong.o
 .debug_macro   0x0000000000000fac       0x8e ./Core/Pong/pong.o
 .debug_macro   0x000000000000103a       0x51 ./Core/Pong/pong.o
 .debug_macro   0x000000000000108b      0x103 ./Core/Pong/pong.o
 .debug_macro   0x000000000000118e       0x6a ./Core/Pong/pong.o
 .debug_macro   0x00000000000011f8      0x1df ./Core/Pong/pong.o
 .debug_macro   0x00000000000013d7       0x1c ./Core/Pong/pong.o
 .debug_macro   0x00000000000013f3       0x22 ./Core/Pong/pong.o
 .debug_macro   0x0000000000001415       0xbd ./Core/Pong/pong.o
 .debug_macro   0x00000000000014d2      0xe49 ./Core/Pong/pong.o
 .debug_macro   0x000000000000231b      0x11f ./Core/Pong/pong.o
 .debug_macro   0x000000000000243a     0xb540 ./Core/Pong/pong.o
 .debug_macro   0x000000000000d97a       0x6d ./Core/Pong/pong.o
 .debug_macro   0x000000000000d9e7     0x34ca ./Core/Pong/pong.o
 .debug_macro   0x0000000000010eb1      0x174 ./Core/Pong/pong.o
 .debug_macro   0x0000000000011025       0x5b ./Core/Pong/pong.o
 .debug_macro   0x0000000000011080      0xe38 ./Core/Pong/pong.o
 .debug_macro   0x0000000000011eb8      0x35b ./Core/Pong/pong.o
 .debug_macro   0x0000000000012213      0x1b9 ./Core/Pong/pong.o
 .debug_macro   0x00000000000123cc       0xc5 ./Core/Pong/pong.o
 .debug_macro   0x0000000000012491      0x21e ./Core/Pong/pong.o
 .debug_macro   0x00000000000126af      0x236 ./Core/Pong/pong.o
 .debug_macro   0x00000000000128e5      0x10f ./Core/Pong/pong.o
 .debug_macro   0x00000000000129f4      0x567 ./Core/Pong/pong.o
 .debug_macro   0x0000000000012f5b      0x1e9 ./Core/Pong/pong.o
 .debug_macro   0x0000000000013144       0x22 ./Core/Pong/pong.o
 .debug_macro   0x0000000000013166      0x225 ./Core/Pong/pong.o
 .debug_macro   0x000000000001338b      0x76c ./Core/Pong/pong.o
 .debug_macro   0x0000000000013af7       0xac ./Core/Pong/pong.o
 .debug_macro   0x0000000000013ba3      0x170 ./Core/Pong/pong.o
 .debug_macro   0x0000000000013d13      0x492 ./Core/Pong/pong.o
 .debug_macro   0x00000000000141a5       0x10 ./Core/Pong/pong.o
 .debug_macro   0x00000000000141b5       0x7c ./Core/Pong/pong.o
 .debug_macro   0x0000000000014231       0x52 ./Core/Pong/pong.o
 .debug_macro   0x0000000000014283       0x18 ./Core/Pong/pong.o
 .debug_macro   0x000000000001429b       0x3c ./Core/Pong/pong.o
 .debug_macro   0x00000000000142d7       0x34 ./Core/Pong/pong.o
 .debug_macro   0x000000000001430b       0x16 ./Core/Pong/pong.o
 .debug_macro   0x0000000000014321       0x43 ./Core/Pong/pong.o
 .debug_macro   0x0000000000014364       0x34 ./Core/Pong/pong.o
 .debug_macro   0x0000000000014398       0x10 ./Core/Pong/pong.o
 .debug_macro   0x00000000000143a8       0x58 ./Core/Pong/pong.o
 .debug_macro   0x0000000000014400       0x71 ./Core/Pong/pong.o
 .debug_macro   0x0000000000014471       0x1c ./Core/Pong/pong.o
 .debug_macro   0x000000000001448d      0x12a ./Core/Pong/pong.o
 .debug_macro   0x00000000000145b7      0x341 ./Core/Pong/pong.o
 .debug_macro   0x00000000000148f8       0x10 ./Core/Pong/pong.o
 .debug_macro   0x0000000000014908       0x35 ./Core/Pong/pong.o
 .debug_macro   0x000000000001493d       0x20 ./Core/Pong/pong.o
 .debug_macro   0x000000000001495d       0x16 ./Core/Pong/pong.o
 .debug_macro   0x0000000000014973       0x16 ./Core/Pong/pong.o
 .debug_macro   0x0000000000014989       0x29 ./Core/Pong/pong.o
 .debug_macro   0x00000000000149b2       0x1c ./Core/Pong/pong.o
 .debug_macro   0x00000000000149ce       0x10 ./Core/Pong/pong.o
 .debug_macro   0x00000000000149de       0x10 ./Core/Pong/pong.o
 .debug_macro   0x00000000000149ee       0x1c ./Core/Pong/pong.o
 .debug_macro   0x0000000000014a0a       0x52 ./Core/Pong/pong.o
 .debug_macro   0x0000000000014a5c       0x22 ./Core/Pong/pong.o
 .debug_macro   0x0000000000014a7e       0x10 ./Core/Pong/pong.o
 .debug_macro   0x0000000000014a8e       0x52 ./Core/Pong/pong.o
 .debug_macro   0x0000000000014ae0       0xd5 ./Core/Pong/pong.o
 .debug_macro   0x0000000000014bb5       0x1c ./Core/Pong/pong.o
 .debug_macro   0x0000000000014bd1       0x3d ./Core/Pong/pong.o
 .debug_macro   0x0000000000014c0e       0x16 ./Core/Pong/pong.o
 .debug_macro   0x0000000000014c24      0x145 ./Core/Pong/pong.o
 .debug_macro   0x0000000000014d69       0x1c ./Core/Pong/pong.o
 .debug_macro   0x0000000000014d85       0x94 ./Core/Pong/pong.o
 .debug_macro   0x0000000000014e19       0x10 ./Core/Pong/pong.o
 .debug_macro   0x0000000000014e29      0x3b9 ./Core/Src/main.o
 .debug_macro   0x00000000000151e2       0x16 ./Core/Src/main.o
 .debug_macro   0x00000000000151f8       0x16 ./Core/Src/main.o
 .debug_macro   0x000000000001520e       0x22 ./Core/Src/main.o
 .debug_macro   0x0000000000015230      0x3b9 ./Core/Src/stm32l1xx_hal_msp.o
 .debug_macro   0x00000000000155e9      0x1af ./Core/Src/stm32l1xx_hal_timebase_tim.o
 .debug_macro   0x0000000000015798      0x3c3 ./Core/Src/stm32l1xx_it.o
 .debug_macro   0x0000000000015b5b      0x1af ./Core/Src/system_stm32l1xx.o
 .debug_macro   0x0000000000015d0a      0x1bf ./Drivers/LED-Array/led_array.o
 .debug_macro   0x0000000000015ec9      0x1ca ./Drivers/MAX7219/max7219.o
 .debug_macro   0x0000000000016093       0x76 ./Drivers/MAX7219/max7219.o
 .debug_macro   0x0000000000016109      0x1d3 ./Drivers/STM32L1xx_HAL_Driver/Src/stm32l1xx_hal.o
 .debug_macro   0x00000000000162dc      0x1af ./Drivers/STM32L1xx_HAL_Driver/Src/stm32l1xx_hal_cortex.o
 .debug_macro   0x000000000001648b      0x1b6 ./Drivers/STM32L1xx_HAL_Driver/Src/stm32l1xx_hal_gpio.o
 .debug_macro   0x0000000000016641      0x1c1 ./Drivers/STM32L1xx_HAL_Driver/Src/stm32l1xx_hal_rcc.o
 .debug_macro   0x0000000000016802      0x1be ./Drivers/STM32L1xx_HAL_Driver/Src/stm32l1xx_hal_spi.o
 .debug_macro   0x00000000000169c0      0x1b0 ./Drivers/STM32L1xx_HAL_Driver/Src/stm32l1xx_hal_tim.o
 .debug_macro   0x0000000000016b70      0x1af ./Drivers/STM32L1xx_HAL_Driver/Src/stm32l1xx_hal_tim_ex.o
 .debug_macro   0x0000000000016d1f      0x394 ./Drivers/Timer/timer.o
 .debug_macro   0x00000000000170b3      0x381 ./Drivers/music/music.o

.debug_line     0x0000000000000000     0xe90e
 .debug_line    0x0000000000000000     0x11d0 ./Core/Pong/pong.o
 .debug_line    0x00000000000011d0      0xc69 ./Core/Src/main.o
 .debug_line    0x0000000000001e39      0xac6 ./Core/Src/stm32l1xx_hal_msp.o
 .debug_line    0x00000000000028ff      0x730 ./Core/Src/stm32l1xx_hal_timebase_tim.o
 .debug_line    0x000000000000302f      0xadd ./Core/Src/stm32l1xx_it.o
 .debug_line    0x0000000000003b0c      0x759 ./Core/Src/system_stm32l1xx.o
 .debug_line    0x0000000000004265       0x87 ./Core/Startup/startup_stm32l152retx.o
 .debug_line    0x00000000000042ec      0x7f5 ./Drivers/LED-Array/led_array.o
 .debug_line    0x0000000000004ae1      0x9ba ./Drivers/MAX7219/max7219.o
 .debug_line    0x000000000000549b      0x97c ./Drivers/STM32L1xx_HAL_Driver/Src/stm32l1xx_hal.o
 .debug_line    0x0000000000005e17      0xc49 ./Drivers/STM32L1xx_HAL_Driver/Src/stm32l1xx_hal_cortex.o
 .debug_line    0x0000000000006a60      0x9f6 ./Drivers/STM32L1xx_HAL_Driver/Src/stm32l1xx_hal_gpio.o
 .debug_line    0x0000000000007456      0xe84 ./Drivers/STM32L1xx_HAL_Driver/Src/stm32l1xx_hal_rcc.o
 .debug_line    0x00000000000082da     0x1c28 ./Drivers/STM32L1xx_HAL_Driver/Src/stm32l1xx_hal_spi.o
 .debug_line    0x0000000000009f02     0x2e40 ./Drivers/STM32L1xx_HAL_Driver/Src/stm32l1xx_hal_tim.o
 .debug_line    0x000000000000cd42      0x78b ./Drivers/STM32L1xx_HAL_Driver/Src/stm32l1xx_hal_tim_ex.o
 .debug_line    0x000000000000d4cd      0x9f4 ./Drivers/Timer/timer.o
 .debug_line    0x000000000000dec1      0xa4d ./Drivers/music/music.o

.debug_str      0x0000000000000000    0x8bda6
 .debug_str     0x0000000000000000    0x891bb ./Core/Pong/pong.o
                                      0x895b9 (size before relaxing)
 .debug_str     0x00000000000891bb      0x937 ./Core/Src/main.o
                                      0x89cc7 (size before relaxing)
 .debug_str     0x0000000000089af2       0xdb ./Core/Src/stm32l1xx_hal_msp.o
                                      0x893de (size before relaxing)
 .debug_str     0x0000000000089bcd       0xf5 ./Core/Src/stm32l1xx_hal_timebase_tim.o
                                      0x84d59 (size before relaxing)
 .debug_str     0x0000000000089cc2      0x12e ./Core/Src/stm32l1xx_it.o
                                      0x88dc0 (size before relaxing)
 .debug_str     0x0000000000089df0       0x99 ./Core/Src/system_stm32l1xx.o
                                      0x8442d (size before relaxing)
 .debug_str     0x0000000000089e89       0x36 ./Core/Startup/startup_stm32l152retx.o
                                         0x4f (size before relaxing)
 .debug_str     0x0000000000089ebf       0x68 ./Drivers/LED-Array/led_array.o
                                      0x8453b (size before relaxing)
 .debug_str     0x0000000000089f27      0x181 ./Drivers/MAX7219/max7219.o
                                      0x84cbf (size before relaxing)
 .debug_str     0x000000000008a0a8      0x2c1 ./Drivers/STM32L1xx_HAL_Driver/Src/stm32l1xx_hal.o
                                      0x84b52 (size before relaxing)
 .debug_str     0x000000000008a369      0x381 ./Drivers/STM32L1xx_HAL_Driver/Src/stm32l1xx_hal_cortex.o
                                      0x84c2c (size before relaxing)
 .debug_str     0x000000000008a6ea       0xe2 ./Drivers/STM32L1xx_HAL_Driver/Src/stm32l1xx_hal_gpio.o
                                      0x845c0 (size before relaxing)
 .debug_str     0x000000000008a7cc      0x24b ./Drivers/STM32L1xx_HAL_Driver/Src/stm32l1xx_hal_rcc.o
                                      0x848e9 (size before relaxing)
 .debug_str     0x000000000008aa17      0x58c ./Drivers/STM32L1xx_HAL_Driver/Src/stm32l1xx_hal_spi.o
                                      0x84d55 (size before relaxing)
 .debug_str     0x000000000008afa3      0xc45 ./Drivers/STM32L1xx_HAL_Driver/Src/stm32l1xx_hal_tim.o
                                      0x85719 (size before relaxing)
 .debug_str     0x000000000008bbe8       0x57 ./Drivers/STM32L1xx_HAL_Driver/Src/stm32l1xx_hal_tim_ex.o
                                      0x848d5 (size before relaxing)
 .debug_str     0x000000000008bc3f       0x52 ./Drivers/Timer/timer.o
                                      0x88b38 (size before relaxing)
 .debug_str     0x000000000008bc91      0x115 ./Drivers/music/music.o
                                      0x88941 (size before relaxing)

.comment        0x0000000000000000       0x50
 .comment       0x0000000000000000       0x50 ./Core/Pong/pong.o
                                         0x51 (size before relaxing)
 .comment       0x0000000000000050       0x51 ./Core/Src/main.o
 .comment       0x0000000000000050       0x51 ./Core/Src/stm32l1xx_hal_msp.o
 .comment       0x0000000000000050       0x51 ./Core/Src/stm32l1xx_hal_timebase_tim.o
 .comment       0x0000000000000050       0x51 ./Core/Src/stm32l1xx_it.o
 .comment       0x0000000000000050       0x51 ./Core/Src/system_stm32l1xx.o
 .comment       0x0000000000000050       0x51 ./Drivers/LED-Array/led_array.o
 .comment       0x0000000000000050       0x51 ./Drivers/MAX7219/max7219.o
 .comment       0x0000000000000050       0x51 ./Drivers/STM32L1xx_HAL_Driver/Src/stm32l1xx_hal.o
 .comment       0x0000000000000050       0x51 ./Drivers/STM32L1xx_HAL_Driver/Src/stm32l1xx_hal_cortex.o
 .comment       0x0000000000000050       0x51 ./Drivers/STM32L1xx_HAL_Driver/Src/stm32l1xx_hal_gpio.o
 .comment       0x0000000000000050       0x51 ./Drivers/STM32L1xx_HAL_Driver/Src/stm32l1xx_hal_rcc.o
 .comment       0x0000000000000050       0x51 ./Drivers/STM32L1xx_HAL_Driver/Src/stm32l1xx_hal_spi.o
 .comment       0x0000000000000050       0x51 ./Drivers/STM32L1xx_HAL_Driver/Src/stm32l1xx_hal_tim.o
 .comment       0x0000000000000050       0x51 ./Drivers/STM32L1xx_HAL_Driver/Src/stm32l1xx_hal_tim_ex.o
 .comment       0x0000000000000050       0x51 ./Drivers/Timer/timer.o
 .comment       0x0000000000000050       0x51 ./Drivers/music/music.o

.debug_frame    0x0000000000000000     0x3104
 .debug_frame   0x0000000000000000      0x1ec ./Core/Pong/pong.o
 .debug_frame   0x00000000000001ec      0x168 ./Core/Src/main.o
 .debug_frame   0x0000000000000354      0x13c ./Core/Src/stm32l1xx_hal_msp.o
 .debug_frame   0x0000000000000490       0x74 ./Core/Src/stm32l1xx_hal_timebase_tim.o
 .debug_frame   0x0000000000000504      0x15c ./Core/Src/stm32l1xx_it.o
 .debug_frame   0x0000000000000660       0x58 ./Core/Src/system_stm32l1xx.o
 .debug_frame   0x00000000000006b8       0xe4 ./Drivers/LED-Array/led_array.o
 .debug_frame   0x000000000000079c      0x154 ./Drivers/MAX7219/max7219.o
 .debug_frame   0x00000000000008f0      0x33c ./Drivers/STM32L1xx_HAL_Driver/Src/stm32l1xx_hal.o
 .debug_frame   0x0000000000000c2c      0x498 ./Drivers/STM32L1xx_HAL_Driver/Src/stm32l1xx_hal_cortex.o
 .debug_frame   0x00000000000010c4      0x14c ./Drivers/STM32L1xx_HAL_Driver/Src/stm32l1xx_hal_gpio.o
 .debug_frame   0x0000000000001210      0x224 ./Drivers/STM32L1xx_HAL_Driver/Src/stm32l1xx_hal_rcc.o
 .debug_frame   0x0000000000001434      0x824 ./Drivers/STM32L1xx_HAL_Driver/Src/stm32l1xx_hal_spi.o
 .debug_frame   0x0000000000001c58     0x11b4 ./Drivers/STM32L1xx_HAL_Driver/Src/stm32l1xx_hal_tim.o
 .debug_frame   0x0000000000002e0c       0x60 ./Drivers/STM32L1xx_HAL_Driver/Src/stm32l1xx_hal_tim_ex.o
 .debug_frame   0x0000000000002e6c       0xb8 ./Drivers/Timer/timer.o
 .debug_frame   0x0000000000002f24      0x114 ./Drivers/music/music.o
 .debug_frame   0x0000000000003038       0x2c e:/programs/stm32cubeide_1.10.1/stm32cubeide/plugins/com.st.stm32cube.ide.mcu.externaltools.gnu-tools-for-stm32.10.3-2021.10.win32_1.0.0.202111181127/tools/bin/../lib/gcc/arm-none-eabi/10.3.1/../../../../arm-none-eabi/lib/thumb/v7-m/nofp\libc_nano.a(lib_a-init.o)
 .debug_frame   0x0000000000003064       0x20 e:/programs/stm32cubeide_1.10.1/stm32cubeide/plugins/com.st.stm32cube.ide.mcu.externaltools.gnu-tools-for-stm32.10.3-2021.10.win32_1.0.0.202111181127/tools/bin/../lib/gcc/arm-none-eabi/10.3.1/../../../../arm-none-eabi/lib/thumb/v7-m/nofp\libc_nano.a(lib_a-memset.o)
 .debug_frame   0x0000000000003084       0x20 e:/programs/stm32cubeide_1.10.1/stm32cubeide/plugins/com.st.stm32cube.ide.mcu.externaltools.gnu-tools-for-stm32.10.3-2021.10.win32_1.0.0.202111181127/tools/bin/../lib/gcc/arm-none-eabi/10.3.1/../../../../arm-none-eabi/lib/thumb/v7-m/nofp\libc_nano.a(lib_a-strcmp.o)
 .debug_frame   0x00000000000030a4       0x2c e:/programs/stm32cubeide_1.10.1/stm32cubeide/plugins/com.st.stm32cube.ide.mcu.externaltools.gnu-tools-for-stm32.10.3-2021.10.win32_1.0.0.202111181127/tools/bin/../lib/gcc/arm-none-eabi/10.3.1/thumb/v7-m/nofp\libgcc.a(_aeabi_uldivmod.o)
 .debug_frame   0x00000000000030d0       0x34 e:/programs/stm32cubeide_1.10.1/stm32cubeide/plugins/com.st.stm32cube.ide.mcu.externaltools.gnu-tools-for-stm32.10.3-2021.10.win32_1.0.0.202111181127/tools/bin/../lib/gcc/arm-none-eabi/10.3.1/thumb/v7-m/nofp\libgcc.a(_udivmoddi4.o)
