../Drivers/CMSIS/Include/core_cm3.h:1876:26:ITM_SendChar	16	static,ignoring_inline_asm
../Core/Src/main.c:65:5:_write	32	static
../Core/Src/main.c:82:5:main	280	static
../Core/Src/main.c:183:6:SystemClock_Config	80	static
../Core/Src/main.c:227:13:MX_SPI1_Init	8	static
../Core/Src/main.c:265:13:MX_TIM3_Init	32	static
../Core/Src/main.c:314:13:MX_TIM4_Init	56	static
../Core/Src/main.c:366:13:MX_GPIO_Init	40	static
../Core/Src/main.c:422:6:HAL_TIM_PeriodElapsedCallback	16	static
../Core/Src/main.c:439:6:Error_Handler	4	static,ignoring_inline_asm
